---
source: crates/skiagram-core/tests/copilot_snapshot.rs
expression: session
---
{
  "id": "11111111-2222-4333-8444-555555555555",
  "agent": "copilot",
  "project": "synthetic-app",
  "model": "gpt-5",
  "parent_session": null,
  "started_at": "2026-06-16T09:00:00Z",
  "ended_at": "2026-06-16T09:00:25Z",
  "events": [
    {
      "kind": "System",
      "ts": "2026-06-16T09:00:00Z",
      "request_id": null,
      "model": "gpt-5",
      "usage": null,
      "sidechain": false,
      "content_summary": "session start",
      "content_chars": 0,
      "has_thinking": false
    },
    {
      "kind": "User",
      "ts": "2026-06-16T09:00:05Z",
      "request_id": null,
      "model": null,
      "usage": null,
      "sidechain": false,
      "content_summary": "List the files in the project. (synthetic fixture)",
      "content_chars": 50,
      "has_thinking": false
    },
    {
      "kind": "Assistant",
      "ts": "2026-06-16T09:00:07Z",
      "request_id": null,
      "model": null,
      "usage": null,
      "tool_calls": [
        {
          "id": "call_0001",
          "name": "bash",
          "input_bytes": 20,
          "server": null
        }
      ],
      "sidechain": false,
      "content_summary": "I'll list the files now.",
      "content_chars": 121,
      "thinking_chars": 77,
      "has_thinking": true
    },
    {
      "kind": "ToolResult",
      "ts": "2026-06-16T09:00:09Z",
      "request_id": null,
      "model": "gpt-5",
      "usage": null,
      "sidechain": false,
      "content_summary": "bash",
      "content_chars": 67,
      "has_thinking": false,
      "tool_use_id": "call_0001"
    },
    {
      "kind": "Assistant",
      "ts": "2026-06-16T09:00:25Z",
      "request_id": null,
      "model": null,
      "usage": null,
      "sidechain": false,
      "content_summary": "Done. The project has a README and a src directory.",
      "content_chars": 51,
      "has_thinking": false
    }
  ],
  "sub_agents": [],
  "skipped_lines": 2
}
