---
source: crates/skiagram-core/tests/gemini_snapshot.rs
expression: session
---
{
  "id": "session-2026-06-17T10-00-00-abcd1234",
  "agent": "gemini",
  "project": "demo-project",
  "model": "gemini-3-flash-preview",
  "parent_session": null,
  "started_at": "2026-06-17T10:00:00Z",
  "ended_at": "2026-06-17T10:00:04Z",
  "events": [
    {
      "kind": "User",
      "ts": "2026-06-17T10:00:01Z",
      "request_id": null,
      "model": null,
      "usage": null,
      "sidechain": false,
      "content_summary": "summarize the build",
      "content_chars": 19,
      "has_thinking": false
    },
    {
      "kind": "Assistant",
      "ts": "2026-06-17T10:00:02Z",
      "request_id": "g1",
      "model": "gemini-3-flash-preview",
      "usage": {
        "input": 800,
        "output": 50,
        "cache_creation": null,
        "cache_creation_5m": null,
        "cache_creation_1h": null,
        "cache_read": 200,
        "thinking": 80
      },
      "tool_calls": [
        {
          "id": "tc1",
          "name": "mcp__acme-db__query",
          "input_bytes": 18,
          "server": "acme-db"
        }
      ],
      "sidechain": false,
      "content_summary": null,
      "content_chars": 0,
      "thinking_chars": 37,
      "has_thinking": true
    },
    {
      "kind": "ToolResult",
      "ts": "2026-06-17T10:00:03Z",
      "request_id": null,
      "model": null,
      "usage": null,
      "sidechain": false,
      "content_summary": "one row",
      "content_chars": 7,
      "has_thinking": false,
      "tool_use_id": "tc1"
    },
    {
      "kind": "Assistant",
      "ts": "2026-06-17T10:00:04Z",
      "request_id": "g2",
      "model": "gemini-3-flash-preview",
      "usage": {
        "input": 100,
        "output": 30,
        "cache_creation": null,
        "cache_creation_5m": null,
        "cache_creation_1h": null,
        "cache_read": 1100,
        "thinking": 0
      },
      "sidechain": false,
      "content_summary": "Here is the build summary: all green.",
      "content_chars": 37,
      "has_thinking": false
    }
  ],
  "sub_agents": [],
  "skipped_lines": 2
}
